Command line invocation:
    /Applications/Xcode.app/Contents/Developer/usr/bin/xcodebuild build -project ./DenonController/DenonController.xcodeproj -scheme DenonController -destination platform=macOS

2026-05-06 18:39:48.969 xcodebuild[14654:14993510] [MT] IDERunDestination: Supported platforms for the buildables in the current scheme is empty.
--- xcodebuild: WARNING: Using the first of multiple matching destinations:
{ platform:macOS, arch:arm64, id:00008132-000848893AD1401C, name:My Mac }
{ platform:macOS, arch:x86_64, id:00008132-000848893AD1401C, name:My Mac }
ComputePackagePrebuildTargetDependencyGraph

Prepare packages

CreateBuildRequest

SendProjectDescription

CreateBuildOperation

ComputeTargetDependencyGraph
note: Building targets in dependency order
note: Target dependency graph (1 target)
    Target 'DenonController' in project 'DenonController' (no dependencies)

GatherProvisioningInputs

CreateBuildDescription

ClangStatCache /Applications/Xcode.app/Contents/Developer/Toolchains/XcodeDefault.xctoolchain/usr/bin/clang-stat-cache /Applications/Xcode.app/Contents/Developer/Platforms/MacOSX.platform/Developer/SDKs/MacOSX26.4.sdk /Users/ytada/Library/Developer/Xcode/DerivedData/SDKStatCaches.noindex/macosx26.4-25E251-30f9ca8789b706f8bd3fc906a70d770f.sdkstatcache
    cd /Users/ytada/projects/symmetrical-carnival/DenonController/DenonController.xcodeproj
    /Applications/Xcode.app/Contents/Developer/Toolchains/XcodeDefault.xctoolchain/usr/bin/clang-stat-cache /Applications/Xcode.app/Contents/Developer/Platforms/MacOSX.platform/Developer/SDKs/MacOSX26.4.sdk -o /Users/ytada/Library/Developer/Xcode/DerivedData/SDKStatCaches.noindex/macosx26.4-25E251-30f9ca8789b706f8bd3fc906a70d770f.sdkstatcache

SwiftDriver DenonController normal arm64 com.apple.xcode.tools.swift.compiler (in target 'DenonController' from project 'DenonController')
    cd /Users/ytada/projects/symmetrical-carnival/DenonController
    builtin-SwiftDriver -- /Applications/Xcode.app/Contents/Developer/Toolchains/XcodeDefault.xctoolchain/usr/bin/swiftc -module-name Denon_Controller -Onone @/Users/ytada/Library/Developer/Xcode/DerivedData/DenonController-guunfqwfxwhxuqgeqefxmjrzkvam/Build/Intermediates.noindex/DenonController.build/Debug/DenonController.build/Objects-normal/arm64/Denon\ Controller.SwiftFileList -DDEBUG -enable-experimental-feature DebugDescriptionMacro -sdk /Applications/Xcode.app/Contents/Developer/Platforms/MacOSX.platform/Developer/SDKs/MacOSX26.4.sdk -target arm64-apple-macos14.0 -g -module-cache-path /Users/ytada/Library/Developer/Xcode/DerivedData/ModuleCache.noindex -Xfrontend -serialize-debugging-options -enable-testing -index-store-path /Users/ytada/Library/Developer/Xcode/DerivedData/DenonController-guunfqwfxwhxuqgeqefxmjrzkvam/Index.noindex/DataStore -Xcc -D_LIBCPP_HARDENING_MODE\=_LIBCPP_HARDENING_MODE_DEBUG -swift-version 6 -I /Users/ytada/Library/Developer/Xcode/DerivedData/DenonController-guunfqwfxwhxuqgeqefxmjrzkvam/Build/Products/Debug -F /Users/ytada/Library/Developer/Xcode/DerivedData/DenonController-guunfqwfxwhxuqgeqefxmjrzkvam/Build/Products/Debug -c -j10 -enable-batch-mode -incremental -Xcc -ivfsstatcache -Xcc /Users/ytada/Library/Developer/Xcode/DerivedData/SDKStatCaches.noindex/macosx26.4-25E251-30f9ca8789b706f8bd3fc906a70d770f.sdkstatcache -output-file-map /Users/ytada/Library/Developer/Xcode/DerivedData/DenonController-guunfqwfxwhxuqgeqefxmjrzkvam/Build/Intermediates.noindex/DenonController.build/Debug/DenonController.build/Objects-normal/arm64/DenonController-OutputFileMap.json -use-frontend-parseable-output -save-temps -no-color-diagnostics -explicit-module-build -module-cache-path /Users/ytada/Library/Developer/Xcode/DerivedData/DenonController-guunfqwfxwhxuqgeqefxmjrzkvam/Build/Intermediates.noindex/SwiftExplicitPrecompiledModules -clang-scanner-module-cache-path /Users/ytada/Library/Developer/Xcode/DerivedData/ModuleCache.noindex -sdk-module-cache-path /Users/ytada/Library/Developer/Xcode/DerivedData/ModuleCache.noindex -serialize-diagnostics -emit-dependencies -emit-module -emit-module-path /Users/ytada/Library/Developer/Xcode/DerivedData/DenonController-guunfqwfxwhxuqgeqefxmjrzkvam/Build/Intermediates.noindex/DenonController.build/Debug/DenonController.build/Objects-normal/arm64/Denon_Controller.swiftmodule -validate-clang-modules-once -clang-build-session-file /Users/ytada/Library/Developer/Xcode/DerivedData/ModuleCache.noindex/Session.modulevalidation -Xcc -I/Users/ytada/Library/Developer/Xcode/DerivedData/DenonController-guunfqwfxwhxuqgeqefxmjrzkvam/Build/Intermediates.noindex/DenonController.build/Debug/DenonController.build/swift-overrides.hmap -emit-const-values -Xfrontend -const-gather-protocols-file -Xfrontend /Users/ytada/Library/Developer/Xcode/DerivedData/DenonController-guunfqwfxwhxuqgeqefxmjrzkvam/Build/Intermediates.noindex/DenonController.build/Debug/DenonController.build/Objects-normal/arm64/DenonController_const_extract_protocols.json -Xcc -iquote -Xcc /Users/ytada/Library/Developer/Xcode/DerivedData/DenonController-guunfqwfxwhxuqgeqefxmjrzkvam/Build/Intermediates.noindex/DenonController.build/Debug/DenonController.build/Denon\ Controller-generated-files.hmap -Xcc -I/Users/ytada/Library/Developer/Xcode/DerivedData/DenonController-guunfqwfxwhxuqgeqefxmjrzkvam/Build/Intermediates.noindex/DenonController.build/Debug/DenonController.build/Denon\ Controller-own-target-headers.hmap -Xcc -I/Users/ytada/Library/Developer/Xcode/DerivedData/DenonController-guunfqwfxwhxuqgeqefxmjrzkvam/Build/Intermediates.noindex/DenonController.build/Debug/DenonController.build/Denon\ Controller-all-target-headers.hmap -Xcc -iquote -Xcc /Users/ytada/Library/Developer/Xcode/DerivedData/DenonController-guunfqwfxwhxuqgeqefxmjrzkvam/Build/Intermediates.noindex/DenonController.build/Debug/DenonController.build/Denon\ Controller-project-headers.hmap -Xcc -I/Users/ytada/Library/Developer/Xcode/DerivedData/DenonController-guunfqwfxwhxuqgeqefxmjrzkvam/Build/Products/Debug/include -Xcc -I/Users/ytada/Library/Developer/Xcode/DerivedData/DenonController-guunfqwfxwhxuqgeqefxmjrzkvam/Build/Intermediates.noindex/DenonController.build/Debug/DenonController.build/DerivedSources-normal/arm64 -Xcc -I/Users/ytada/Library/Developer/Xcode/DerivedData/DenonController-guunfqwfxwhxuqgeqefxmjrzkvam/Build/Intermediates.noindex/DenonController.build/Debug/DenonController.build/DerivedSources/arm64 -Xcc -I/Users/ytada/Library/Developer/Xcode/DerivedData/DenonController-guunfqwfxwhxuqgeqefxmjrzkvam/Build/Intermediates.noindex/DenonController.build/Debug/DenonController.build/DerivedSources -Xcc -DDEBUG\=1 -emit-objc-header -emit-objc-header-path /Users/ytada/Library/Developer/Xcode/DerivedData/DenonController-guunfqwfxwhxuqgeqefxmjrzkvam/Build/Intermediates.noindex/DenonController.build/Debug/DenonController.build/Objects-normal/arm64/Denon_Controller-Swift.h -working-directory /Users/ytada/projects/symmetrical-carnival/DenonController -experimental-emit-module-separately -disable-cmo

SwiftCompile normal arm64 Compiling\ ZoneView.swift /Users/ytada/projects/symmetrical-carnival/DenonController/DenonController/Views/MainWindow/ZoneView.swift (in target 'DenonController' from project 'DenonController')

SwiftCompile normal arm64 /Users/ytada/projects/symmetrical-carnival/DenonController/DenonController/Views/MainWindow/ZoneView.swift (in target 'DenonController' from project 'DenonController')
    cd /Users/ytada/projects/symmetrical-carnival/DenonController
    

SwiftCompile normal arm64 Compiling\ SurroundView.swift /Users/ytada/projects/symmetrical-carnival/DenonController/DenonController/Views/MainWindow/SurroundView.swift (in target 'DenonController' from project 'DenonController')
Failed frontend command:
/Applications/Xcode.app/Contents/Developer/Toolchains/XcodeDefault.xctoolchain/usr/bin/swift-frontend -frontend -c /Users/ytada/projects/symmetrical-carnival/DenonController/DenonController/Core/Network/AVRHTTPClient.swift /Users/ytada/projects/symmetrical-carnival/DenonController/DenonController/Core/Models/AVRState.swift /Users/ytada/projects/symmetrical-carnival/DenonController/DenonController/App/AppDelegate.swift /Users/ytada/projects/symmetrical-carnival/DenonController/DenonController/Views/Connection/ConnectionView.swift /Users/ytada/projects/symmetrical-carnival/DenonController/DenonController/Views/MainWindow/ContentView.swift /Users/ytada/projects/symmetrical-carnival/DenonController/DenonController/Views/MainWindow/DashboardView.swift /Users/ytada/projects/symmetrical-carnival/DenonController/DenonController/App/DenonControllerApp.swift /Users/ytada/projects/symmetrical-carnival/DenonController/DenonController/Core/Models/DeviceInfo.swift /Users/ytada/projects/symmetrical-carnival/DenonController/DenonController/Core/Persistence/InputNameStore.swift /Users/ytada/projects/symmetrical-carnival/DenonController/DenonController/Core/Models/InputSource.swift /Users/ytada/projects/symmetrical-carnival/DenonController/DenonController/Views/MainWindow/InputView.swift /Users/ytada/projects/symmetrical-carnival/DenonController/DenonController/Views/Shared/LocalizationHelper.swift /Users/ytada/projects/symmetrical-carnival/DenonController/DenonController/Core/Network/MDNSDiscovery.swift /Users/ytada/projects/symmetrical-carnival/DenonController/DenonController/ViewModels/MainViewModel.swift /Users/ytada/projects/symmetrical-carnival/DenonController/DenonController/Views/MenuBar/MenuBarPopoverView.swift /Users/ytada/projects/symmetrical-carnival/DenonController/DenonController/Core/Models/Preset.swift /Users/ytada/projects/symmetrical-carnival/DenonController/DenonController/Core/Persistence/PresetStore.swift /Users/ytada/projects/symmetrical-carnival/DenonController/DenonController/Views/MainWindow/PresetView.swift /Users/ytada/projects/symmetrical-carnival/DenonController/DenonController/Views/MainWindow/RemoteView.swift /Users/ytada/projects/symmetrical-carnival/DenonController/DenonController/Views/Settings/SettingsView.swift /Users/ytada/projects/symmetrical-carnival/DenonController/DenonController/Core/Models/SurroundMode.swift -primary-file /Users/ytada/projects/symmetrical-carnival/DenonController/DenonController/Views/MainWindow/SurroundView.swift /Users/ytada/projects/symmetrical-carnival/DenonController/DenonController/Core/Network/TelnetClient.swift /Users/ytada/projects/symmetrical-carnival/DenonController/DenonController/Core/Models/TunerPreset.swift /Users/ytada/projects/symmetrical-carnival/DenonController/DenonController/Views/MainWindow/TunerView.swift /Users/ytada/projects/symmetrical-carnival/DenonController/DenonController/Views/Shared/VolumeControlView.swift /Users/ytada/projects/symmetrical-carnival/DenonController/DenonController/Views/MainWindow/ZoneView.swift /Users/ytada/Library/Developer/Xcode/DerivedData/DenonController-guunfqwfxwhxuqgeqefxmjrzkvam/Build/Intermediates.noindex/DenonController.build/Debug/DenonController.build/DerivedSources/GeneratedAssetSymbols.swift -emit-dependencies-path /Users/ytada/Library/Developer/Xcode/DerivedData/DenonController-guunfqwfxwhxuqgeqefxmjrzkvam/Build/Intermediates.noindex/DenonController.build/Debug/DenonController.build/Objects-normal/arm64/SurroundView.d -emit-const-values-path /Users/ytada/Library/Developer/Xcode/DerivedData/DenonController-guunfqwfxwhxuqgeqefxmjrzkvam/Build/Intermediates.noindex/DenonController.build/Debug/DenonController.build/Objects-normal/arm64/SurroundView.swiftconstvalues -emit-reference-dependencies-path /Users/ytada/Library/Developer/Xcode/DerivedData/DenonController-guunfqwfxwhxuqgeqefxmjrzkvam/Build/Intermediates.noindex/DenonController.build/Debug/DenonController.build/Objects-normal/arm64/SurroundView.swiftdeps -serialize-diagnostics-path /Users/ytada/Library/Developer/Xcode/DerivedData/DenonController-guunfqwfxwhxuqgeqefxmjrzkvam/Build/Intermediates.noindex/DenonController.build/Debug/DenonController.build/Objects-normal/arm64/SurroundView.dia -target arm64-apple-macos14.0 -module-can-import-version DeveloperToolsSupport 23.40.26 23.40.26 -load-resolved-plugin /Applications/Xcode.app/Contents/Developer/Platforms/MacOSX.platform/Developer/usr/lib/swift/host/plugins/libFoundationMacros.dylib\#/Applications/Xcode.app/Contents/Developer/Platforms/MacOSX.platform/Developer/usr/bin/swift-plugin-server\#FoundationMacros -load-resolved-plugin /Applications/Xcode.app/Contents/Developer/Platforms/MacOSX.platform/Developer/usr/lib/swift/host/plugins/libObservationMacros.dylib\#/Applications/Xcode.app/Contents/Developer/Platforms/MacOSX.platform/Developer/usr/bin/swift-plugin-server\#ObservationMacros -load-resolved-plugin /Applications/Xcode.app/Contents/Developer/Platforms/MacOSX.platform/Developer/usr/lib/swift/host/plugins/libPreviewsMacros.dylib\#/Applications/Xcode.app/Contents/Developer/Platforms/MacOSX.platform/Developer/usr/bin/swift-plugin-server\#PreviewsMacros -load-resolved-plugin /Applications/Xcode.app/Contents/Developer/Platforms/MacOSX.platform/Developer/usr/lib/swift/host/plugins/libSwiftMacros.dylib\#/Applications/Xcode.app/Contents/Developer/Platforms/MacOSX.platform/Developer/usr/bin/swift-plugin-server\#SwiftMacros -load-resolved-plugin /Applications/Xcode.app/Contents/Developer/Platforms/MacOSX.platform/Developer/usr/lib/swift/host/plugins/libSwiftUIMacros.dylib\#/Applications/Xcode.app/Contents/Developer/Platforms/MacOSX.platform/Developer/usr/bin/swift-plugin-server\#SwiftUIMacros -disable-implicit-swift-modules -Xcc -fno-implicit-modules -Xcc -fno-implicit-module-maps -explicit-swift-module-map-file /Users/ytada/Library/Developer/Xcode/DerivedData/DenonController-guunfqwfxwhxuqgeqefxmjrzkvam/Build/Intermediates.noindex/DenonController.build/Debug/DenonController.build/Objects-normal/arm64/Denon_Controller-dependencies-1.json -debug-module-path /Users/ytada/Library/Developer/Xcode/DerivedData/DenonController-guunfqwfxwhxuqgeqefxmjrzkvam/Build/Intermediates.noindex/DenonController.build/Debug/DenonController.build/Objects-normal/arm64/Denon_Controller.swiftmodule -Xllvm -aarch64-use-tbi -enable-objc-interop -stack-check -sdk /Applications/Xcode.app/Contents/Developer/Platforms/MacOSX.platform/Developer/SDKs/MacOSX26.4.sdk -I /Users/ytada/Library/Developer/Xcode/DerivedData/DenonController-guunfqwfxwhxuqgeqefxmjrzkvam/Build/Products/Debug -F /Users/ytada/Library/Developer/Xcode/DerivedData/DenonController-guunfqwfxwhxuqgeqefxmjrzkvam/Build/Products/Debug -no-color-diagnostics -Xcc -fno-color-diagnostics -enable-testing -g -debug-info-format\=dwarf -dwarf-version\=4 -module-cache-path /Users/ytada/Library/Developer/Xcode/DerivedData/DenonController-guunfqwfxwhxuqgeqefxmjrzkvam/Build/Intermediates.noindex/SwiftExplicitPrecompiledModules -swift-version 6 -Onone -D DEBUG -serialize-debugging-options -const-gather-protocols-file /Users/ytada/Library/Developer/Xcode/DerivedData/DenonController-guunfqwfxwhxuqgeqefxmjrzkvam/Build/Intermediates.noindex/DenonController.build/Debug/DenonController.build/Objects-normal/arm64/DenonController_const_extract_protocols.json -enable-experimental-feature DebugDescriptionMacro -empty-abi-descriptor -validate-clang-modules-once -clang-build-session-file /Users/ytada/Library/Developer/Xcode/DerivedData/ModuleCache.noindex/Session.modulevalidation -Xcc -working-directory -Xcc /Users/ytada/projects/symmetrical-carnival/DenonController -enable-anonymous-context-mangled-names -file-compilation-dir /Users/ytada/projects/symmetrical-carnival/DenonController -Xcc -D_LIBCPP_HARDENING_MODE\=_LIBCPP_HARDENING_MODE_DEBUG -Xcc -ivfsstatcache -Xcc /Users/ytada/Library/Developer/Xcode/DerivedData/SDKStatCaches.noindex/macosx26.4-25E251-30f9ca8789b706f8bd3fc906a70d770f.sdkstatcache -Xcc -I/Users/ytada/Library/Developer/Xcode/DerivedData/DenonController-guunfqwfxwhxuqgeqefxmjrzkvam/Build/Intermediates.noindex/DenonController.build/Debug/DenonController.build/swift-overrides.hmap -Xcc -iquote -Xcc /Users/ytada/Library/Developer/Xcode/DerivedData/DenonController-guunfqwfxwhxuqgeqefxmjrzkvam/Build/Intermediates.noindex/DenonController.build/Debug/DenonController.build/Denon\ Controller-generated-files.hmap -Xcc -I/Users/ytada/Library/Developer/Xcode/DerivedData/DenonController-guunfqwfxwhxuqgeqefxmjrzkvam/Build/Intermediates.noindex/DenonController.build/Debug/DenonController.build/Denon\ Controller-own-target-headers.hmap -Xcc -I/Users/ytada/Library/Developer/Xcode/DerivedData/DenonController-guunfqwfxwhxuqgeqefxmjrzkvam/Build/Intermediates.noindex/DenonController.build/Debug/DenonController.build/Denon\ Controller-all-target-headers.hmap -Xcc -iquote -Xcc /Users/ytada/Library/Developer/Xcode/DerivedData/DenonController-guunfqwfxwhxuqgeqefxmjrzkvam/Build/Intermediates.noindex/DenonController.build/Debug/DenonController.build/Denon\ Controller-project-headers.hmap -Xcc -I/Users/ytada/Library/Developer/Xcode/DerivedData/DenonController-guunfqwfxwhxuqgeqefxmjrzkvam/Build/Products/Debug/include -Xcc -I/Users/ytada/Library/Developer/Xcode/DerivedData/DenonController-guunfqwfxwhxuqgeqefxmjrzkvam/Build/Intermediates.noindex/DenonController.build/Debug/DenonController.build/DerivedSources-normal/arm64 -Xcc -I/Users/ytada/Library/Developer/Xcode/DerivedData/DenonController-guunfqwfxwhxuqgeqefxmjrzkvam/Build/Intermediates.noindex/DenonController.build/Debug/DenonController.build/DerivedSources/arm64 -Xcc -I/Users/ytada/Library/Developer/Xcode/DerivedData/DenonController-guunfqwfxwhxuqgeqefxmjrzkvam/Build/Intermediates.noindex/DenonController.build/Debug/DenonController.build/DerivedSources -Xcc -DDEBUG\=1 -no-auto-bridging-header-chaining -module-name Denon_Controller -frontend-parseable-output -disable-clang-spi -clang-target arm64-apple-macos26.4 -target-sdk-version 26.4 -target-sdk-name macosx26.4 -in-process-plugin-server-path /Applications/Xcode.app/Contents/Developer/Toolchains/XcodeDefault.xctoolchain/usr/lib/swift/host/libSwiftInProcPluginServer.dylib -o /Users/ytada/Library/Developer/Xcode/DerivedData/DenonController-guunfqwfxwhxuqgeqefxmjrzkvam/Build/Intermediates.noindex/DenonController.build/Debug/DenonController.build/Objects-normal/arm64/SurroundView.o -index-unit-output-path /DenonController.build/Debug/DenonController.build/Objects-normal/arm64/SurroundView.o -index-store-path /Users/ytada/Library/Developer/Xcode/DerivedData/DenonController-guunfqwfxwhxuqgeqefxmjrzkvam/Index.noindex/DataStore -index-system-modules

SwiftCompile normal arm64 /Users/ytada/projects/symmetrical-carnival/DenonController/DenonController/Views/MainWindow/SurroundView.swift (in target 'DenonController' from project 'DenonController')
    cd /Users/ytada/projects/symmetrical-carnival/DenonController
    
/Users/ytada/projects/symmetrical-carnival/DenonController/DenonController/Views/MainWindow/SurroundView.swift:22:36: error: cannot convert value of type 'String' to expected argument type 'LocalizedStringKey'
                        Text(group.label, bundle: bundle)
                                   ^

SwiftCompile normal arm64 Compiling\ MenuBarPopoverView.swift /Users/ytada/projects/symmetrical-carnival/DenonController/DenonController/Views/MenuBar/MenuBarPopoverView.swift (in target 'DenonController' from project 'DenonController')
SwiftCompile normal arm64 /Users/ytada/projects/symmetrical-carnival/DenonController/DenonController/Views/MenuBar/MenuBarPopoverView.swift (in target 'DenonController' from project 'DenonController')
    cd /Users/ytada/projects/symmetrical-carnival/DenonController
    

SwiftEmitModule normal arm64 Emitting\ module\ for\ Denon_Controller (in target 'DenonController' from project 'DenonController')
EmitSwiftModule normal arm64 (in target 'DenonController' from project 'DenonController')
    cd /Users/ytada/projects/symmetrical-carnival/DenonController
    

SwiftCompile normal arm64 Compiling\ DashboardView.swift /Users/ytada/projects/symmetrical-carnival/DenonController/DenonController/Views/MainWindow/DashboardView.swift (in target 'DenonController' from project 'DenonController')

SwiftCompile normal arm64 /Users/ytada/projects/symmetrical-carnival/DenonController/DenonController/Views/MainWindow/DashboardView.swift (in target 'DenonController' from project 'DenonController')
    cd /Users/ytada/projects/symmetrical-carnival/DenonController
    

SwiftCompile normal arm64 Compiling\ ContentView.swift /Users/ytada/projects/symmetrical-carnival/DenonController/DenonController/Views/MainWindow/ContentView.swift (in target 'DenonController' from project 'DenonController')

SwiftCompile normal arm64 /Users/ytada/projects/symmetrical-carnival/DenonController/DenonController/Views/MainWindow/ContentView.swift (in target 'DenonController' from project 'DenonController')
    cd /Users/ytada/projects/symmetrical-carnival/DenonController
    

SwiftCompile normal arm64 Compiling\ MainViewModel.swift /Users/ytada/projects/symmetrical-carnival/DenonController/DenonController/ViewModels/MainViewModel.swift (in target 'DenonController' from project 'DenonController')

SwiftCompile normal arm64 /Users/ytada/projects/symmetrical-carnival/DenonController/DenonController/ViewModels/MainViewModel.swift (in target 'DenonController' from project 'DenonController')
    cd /Users/ytada/projects/symmetrical-carnival/DenonController
    

SwiftCompile normal arm64 Compiling\ InputView.swift /Users/ytada/projects/symmetrical-carnival/DenonController/DenonController/Views/MainWindow/InputView.swift (in target 'DenonController' from project 'DenonController')

SwiftCompile normal arm64 /Users/ytada/projects/symmetrical-carnival/DenonController/DenonController/Views/MainWindow/InputView.swift (in target 'DenonController' from project 'DenonController')
    cd /Users/ytada/projects/symmetrical-carnival/DenonController
    

** BUILD FAILED **


The following build commands failed:
	SwiftCompile normal arm64 Compiling\ SurroundView.swift /Users/ytada/projects/symmetrical-carnival/DenonController/DenonController/Views/MainWindow/SurroundView.swift (in target 'DenonController' from project 'DenonController')
	SwiftCompile normal arm64 /Users/ytada/projects/symmetrical-carnival/DenonController/DenonController/Views/MainWindow/SurroundView.swift (in target 'DenonController' from project 'DenonController')
	Building project DenonController with scheme DenonController
(3 failures)
